2026-08-10 15:20:49,596 - INFO - FAIR discover: tex_tables \u2192 4 file(s)
2026-08-10 15:20:49,596 - INFO - FAIR discover: plotly_dashboards \u2192 0 file(s)
2026-08-10 15:20:49,596 - INFO - FAIR discover: parquet_catalogs \u2192 0 file(s)
2026-08-10 15:20:49,596 - INFO - FAIR discover: xyz_coordinates \u2192 0 file(s)
2026-08-10 15:20:49,596 - INFO - FAIR discover: bibtex \u2192 2 file(s)
2026-08-10 15:20:49,616 - INFO - FAIR archive created: Submission_Archive.zip (6 files, SHA-256=92d353f5845af76a…)
2026-08-10 15:23:12,113 - INFO - FAIR discover: tex_tables \u2192 6 file(s)
2026-08-10 15:23:12,113 - INFO - FAIR discover: plotly_dashboards \u2192 0 file(s)
2026-08-10 15:23:12,113 - INFO - FAIR discover: parquet_catalogs \u2192 0 file(s)
2026-08-10 15:23:12,120 - INFO - FAIR discover: xyz_coordinates \u2192 0 file(s)
2026-08-10 15:23:12,120 - INFO - FAIR discover: bibtex \u2192 2 file(s)
2026-08-10 15:23:12,132 - INFO - FAIR archive created: Submission_Archive.zip (8 files, SHA-256=625619ab84c1eca8…)
2026-08-10 15:28:42,652 - INFO - FAIR discover: tex_tables \u2192 8 file(s)
2026-08-10 15:28:42,652 - INFO - FAIR discover: plotly_dashboards \u2192 0 file(s)
2026-08-10 15:28:42,652 - INFO - FAIR discover: parquet_catalogs \u2192 0 file(s)
2026-08-10 15:28:42,652 - INFO - FAIR discover: xyz_coordinates \u2192 0 file(s)
2026-08-10 15:28:42,652 - INFO - FAIR discover: bibtex \u2192 2 file(s)
2026-08-10 15:28:42,661 - INFO - FAIR archive created: Submission_Archive.zip (10 files, SHA-256=d6c288c55410a765…)
2026-08-10 15:31:09,713 - INFO - FAIR discover: tex_tables -> 10 file(s)
2026-08-10 15:31:09,713 - INFO - FAIR discover: plotly_dashboards -> 0 file(s)
2026-08-10 15:31:09,713 - INFO - FAIR discover: parquet_catalogs -> 0 file(s)
2026-08-10 15:31:09,713 - INFO - FAIR discover: xyz_coordinates -> 0 file(s)
2026-08-10 15:31:09,713 - INFO - FAIR discover: bibtex -> 2 file(s)
2026-08-10 15:31:09,726 - INFO - FAIR archive created: Submission_Archive.zip (12 files, SHA-256=8ca02f02af0cbba6...)
2026-08-10 15:31:12,404 - INFO - FAIR discover: tex_tables -> 12 file(s)
2026-08-10 15:31:12,404 - INFO - FAIR discover: plotly_dashboards -> 0 file(s)
2026-08-10 15:31:12,404 - INFO - FAIR discover: parquet_catalogs -> 0 file(s)
2026-08-10 15:31:12,404 - INFO - FAIR discover: xyz_coordinates -> 0 file(s)
2026-08-10 15:31:12,404 - INFO - FAIR discover: bibtex -> 2 file(s)
2026-08-10 15:31:12,419 - INFO - FAIR archive created: Submission_Archive.zip (14 files, SHA-256=7e1de045a1e9939f...)
2026-08-10 15:31:13,466 - INFO - FAIR discover: tex_tables -> 12 file(s)
2026-08-10 15:31:13,466 - INFO - FAIR discover: plotly_dashboards -> 0 file(s)
2026-08-10 15:31:13,466 - INFO - FAIR discover: parquet_catalogs -> 0 file(s)
2026-08-10 15:31:13,466 - INFO - FAIR discover: xyz_coordinates -> 0 file(s)
2026-08-10 15:31:13,466 - INFO - FAIR discover: bibtex -> 2 file(s)
2026-08-10 15:31:13,476 - INFO - FAIR archive created: Submission_Archive.zip (14 files, SHA-256=eecabddd309c2153...)
