2026-08-08 11:03:09,024 - ERROR - API Request Failed (Attempt 1/5): HTTP Error 403: Forbidden
2026-08-08 11:03:10,099 - ERROR - API Request Failed (Attempt 2/5): HTTP Error 403: Forbidden
2026-08-08 11:03:12,169 - ERROR - API Request Failed (Attempt 3/5): HTTP Error 403: Forbidden
2026-08-08 11:03:16,247 - ERROR - API Request Failed (Attempt 4/5): HTTP Error 403: Forbidden
2026-08-08 11:03:24,312 - ERROR - API Request Failed (Attempt 5/5): HTTP Error 403: Forbidden
2026-08-08 11:03:40,314 - CRITICAL - API exhausted. Generating fallback offline document.
2026-08-08 11:03:40,315 - INFO - SCRIBE inference execution successfully finished.
2026-08-08 11:05:50,808 - ERROR - API Request Failed (Attempt 1/5): HTTP Error 403: Forbidden
2026-08-08 11:05:51,890 - ERROR - API Request Failed (Attempt 2/5): HTTP Error 403: Forbidden
2026-08-08 11:05:53,958 - ERROR - API Request Failed (Attempt 3/5): HTTP Error 403: Forbidden
2026-08-08 11:05:58,031 - ERROR - API Request Failed (Attempt 4/5): HTTP Error 403: Forbidden
2026-08-08 11:06:06,101 - ERROR - API Request Failed (Attempt 5/5): HTTP Error 403: Forbidden
2026-08-08 11:06:22,383 - ERROR - API Request Failed (Attempt 1/5): HTTP Error 403: Forbidden
2026-08-08 11:06:23,456 - ERROR - API Request Failed (Attempt 2/5): HTTP Error 403: Forbidden
2026-08-08 11:06:25,529 - ERROR - API Request Failed (Attempt 3/5): HTTP Error 403: Forbidden
2026-08-08 11:06:29,597 - ERROR - API Request Failed (Attempt 4/5): HTTP Error 403: Forbidden
2026-08-08 11:06:37,675 - ERROR - API Request Failed (Attempt 5/5): HTTP Error 403: Forbidden
2026-08-08 11:07:37,815 - ERROR - API Request Failed (Attempt 1/5): HTTP Error 403: Forbidden
2026-08-08 11:07:38,889 - ERROR - API Request Failed (Attempt 2/5): HTTP Error 403: Forbidden
2026-08-08 11:07:40,960 - ERROR - API Request Failed (Attempt 3/5): HTTP Error 403: Forbidden
2026-08-08 11:07:45,052 - ERROR - API Request Failed (Attempt 4/5): HTTP Error 403: Forbidden
2026-08-08 11:07:53,117 - ERROR - API Request Failed (Attempt 5/5): HTTP Error 403: Forbidden
2026-08-08 11:08:09,401 - ERROR - API Request Failed (Attempt 1/5): HTTP Error 403: Forbidden
2026-08-08 11:08:10,465 - ERROR - API Request Failed (Attempt 2/5): HTTP Error 403: Forbidden
2026-08-08 11:08:12,534 - ERROR - API Request Failed (Attempt 3/5): HTTP Error 403: Forbidden
2026-08-08 11:08:16,599 - ERROR - API Request Failed (Attempt 4/5): HTTP Error 403: Forbidden
2026-08-08 11:08:24,674 - ERROR - API Request Failed (Attempt 5/5): HTTP Error 403: Forbidden
2026-08-10 15:20:48,132 - INFO - Offline Jinja2 fallback engine activated.
2026-08-10 15:20:48,148 - INFO - SCRIBE inference execution successfully finished.
2026-08-10 15:20:48,622 - INFO - Offline Jinja2 fallback engine activated.
2026-08-10 15:20:48,637 - INFO - SCRIBE results and discussion generation successfully finished.
2026-08-10 15:23:10,802 - INFO - Offline Jinja2 fallback engine activated.
2026-08-10 15:23:10,818 - INFO - SCRIBE inference execution successfully finished.
2026-08-10 15:23:11,289 - INFO - Offline Jinja2 fallback engine activated.
2026-08-10 15:23:11,304 - INFO - SCRIBE results and discussion generation successfully finished.
2026-08-10 15:28:41,571 - INFO - Offline Jinja2 fallback engine activated.
2026-08-10 15:28:41,584 - INFO - SCRIBE inference execution successfully finished.
2026-08-10 15:28:42,008 - INFO - Offline Jinja2 fallback engine activated.
2026-08-10 15:28:42,022 - INFO - SCRIBE results and discussion generation successfully finished.
2026-08-10 15:31:08,368 - INFO - Offline Jinja2 fallback engine activated.
2026-08-10 15:31:08,387 - INFO - SCRIBE inference execution successfully finished.
2026-08-10 15:31:08,918 - INFO - Offline Jinja2 fallback engine activated.
2026-08-10 15:31:08,932 - INFO - SCRIBE results and discussion generation successfully finished.
2026-08-10 15:31:11,208 - INFO - Offline Jinja2 fallback engine activated.
2026-08-10 15:31:11,222 - INFO - SCRIBE inference execution successfully finished.
2026-08-10 15:31:11,692 - INFO - Offline Jinja2 fallback engine activated.
2026-08-10 15:31:11,707 - INFO - SCRIBE results and discussion generation successfully finished.
2026-08-10 15:31:12,146 - INFO - Offline Jinja2 fallback engine activated.
2026-08-10 15:31:12,162 - INFO - SCRIBE inference execution successfully finished.
2026-08-10 15:31:12,726 - INFO - Offline Jinja2 fallback engine activated.
2026-08-10 15:31:12,744 - INFO - SCRIBE results and discussion generation successfully finished.
2026-08-10 15:31:23,084 - INFO - Offline Jinja2 fallback engine activated.
2026-08-10 15:31:23,099 - INFO - SCRIBE inference execution successfully finished.
2026-08-10 15:31:23,533 - INFO - Offline Jinja2 fallback engine activated.
2026-08-10 15:31:23,547 - INFO - SCRIBE results and discussion generation successfully finished.
2026-08-10 15:31:26,661 - INFO - Offline Jinja2 fallback engine activated.
2026-08-10 15:31:26,676 - INFO - SCRIBE inference execution successfully finished.
2026-08-10 15:31:27,120 - INFO - Offline Jinja2 fallback engine activated.
2026-08-10 15:31:27,134 - INFO - SCRIBE results and discussion generation successfully finished.
