WARNING:root:SCRIBE: No compute_flags found in HDF5 attributes, group metadata, or ORCA output files. methods.tex and references.bib will contain placeholder templates only. Run the computational pipeline first.
WARNING:root:methods.tex: No compute flags resolved from execution data. Rendered placeholder template instead of fabricating default citations.
INFO:root:Rendered methods.tex (0 paragraphs) for flags []
WARNING:root:SCRIBE: No compute_flags found in HDF5 attributes, group metadata, or ORCA output files. methods.tex and references.bib will contain placeholder templates only. Run the computational pipeline first.
WARNING:root:references.bib: No compute flags resolved from execution data. No BibTeX entries emitted — avoiding fabricated citations.
INFO:root:Rendered references.bib (0 entries) for flags []
WARNING:root:SCRIBE: No compute_flags found in HDF5 attributes, group metadata, or ORCA output files. methods.tex and references.bib will contain placeholder templates only. Run the computational pipeline first.
WARNING:root:methods.tex: No compute flags resolved from execution data. Rendered placeholder template instead of fabricating default citations.
INFO:root:Rendered methods.tex (0 paragraphs) for flags []
WARNING:root:SCRIBE: No compute_flags found in HDF5 attributes, group metadata, or ORCA output files. methods.tex and references.bib will contain placeholder templates only. Run the computational pipeline first.
WARNING:root:references.bib: No compute flags resolved from execution data. No BibTeX entries emitted — avoiding fabricated citations.
INFO:root:Rendered references.bib (0 entries) for flags []
WARNING:root:SCRIBE: No compute_flags found in HDF5 attributes, group metadata, or ORCA output files. methods.tex and references.bib will contain placeholder templates only. Run the computational pipeline first.
WARNING:root:methods.tex: No compute flags resolved from execution data. Rendered placeholder template instead of fabricating default citations.
INFO:root:Rendered methods.tex (0 paragraphs) for flags []
WARNING:root:SCRIBE: No compute_flags found in HDF5 attributes, group metadata, or ORCA output files. methods.tex and references.bib will contain placeholder templates only. Run the computational pipeline first.
WARNING:root:references.bib: No compute flags resolved from execution data. No BibTeX entries emitted — avoiding fabricated citations.
INFO:root:Rendered references.bib (0 entries) for flags []
WARNING:root:SCRIBE: No compute_flags found in HDF5 attributes, group metadata, or ORCA output files. methods.tex and references.bib will contain placeholder templates only. Run the computational pipeline first.
WARNING:root:methods.tex: No compute flags resolved from execution data. Rendered placeholder template instead of fabricating default citations.
INFO:root:Rendered methods.tex (0 paragraphs) for flags []
WARNING:root:SCRIBE: No compute_flags found in HDF5 attributes, group metadata, or ORCA output files. methods.tex and references.bib will contain placeholder templates only. Run the computational pipeline first.
WARNING:root:references.bib: No compute flags resolved from execution data. No BibTeX entries emitted — avoiding fabricated citations.
INFO:root:Rendered references.bib (0 entries) for flags []
WARNING:root:SCRIBE: No compute_flags found in HDF5 attributes, group metadata, or ORCA output files. methods.tex and references.bib will contain placeholder templates only. Run the computational pipeline first.
WARNING:root:methods.tex: No compute flags resolved from execution data. Rendered placeholder template instead of fabricating default citations.
INFO:root:Rendered methods.tex (0 paragraphs) for flags []
WARNING:root:SCRIBE: No compute_flags found in HDF5 attributes, group metadata, or ORCA output files. methods.tex and references.bib will contain placeholder templates only. Run the computational pipeline first.
WARNING:root:references.bib: No compute flags resolved from execution data. No BibTeX entries emitted -- avoiding fabricated citations.
INFO:root:Rendered references.bib (0 entries) for flags []
WARNING:root:SCRIBE: No compute_flags found in HDF5 attributes, group metadata, or ORCA output files. methods.tex and references.bib will contain placeholder templates only. Run the computational pipeline first.
WARNING:root:methods.tex: No compute flags resolved from execution data. Rendered placeholder template instead of fabricating default citations.
INFO:root:Rendered methods.tex (0 paragraphs) for flags []
WARNING:root:SCRIBE: No compute_flags found in HDF5 attributes, group metadata, or ORCA output files. methods.tex and references.bib will contain placeholder templates only. Run the computational pipeline first.
WARNING:root:references.bib: No compute flags resolved from execution data. No BibTeX entries emitted -- avoiding fabricated citations.
INFO:root:Rendered references.bib (0 entries) for flags []
WARNING:root:SCRIBE: No compute_flags found in HDF5 attributes, group metadata, or ORCA output files. methods.tex and references.bib will contain placeholder templates only. Run the computational pipeline first.
WARNING:root:methods.tex: No compute flags resolved from execution data. Rendered placeholder template instead of fabricating default citations.
INFO:root:Rendered methods.tex (0 paragraphs) for flags []
WARNING:root:SCRIBE: No compute_flags found in HDF5 attributes, group metadata, or ORCA output files. methods.tex and references.bib will contain placeholder templates only. Run the computational pipeline first.
WARNING:root:references.bib: No compute flags resolved from execution data. No BibTeX entries emitted -- avoiding fabricated citations.
INFO:root:Rendered references.bib (0 entries) for flags []
WARNING:root:SCRIBE: No compute_flags found in HDF5 attributes, group metadata, or ORCA output files. methods.tex and references.bib will contain placeholder templates only. Run the computational pipeline first.
WARNING:root:methods.tex: No compute flags resolved from execution data. Rendered placeholder template instead of fabricating default citations.
INFO:root:Rendered methods.tex (0 paragraphs) for flags []
WARNING:root:SCRIBE: No compute_flags found in HDF5 attributes, group metadata, or ORCA output files. methods.tex and references.bib will contain placeholder templates only. Run the computational pipeline first.
WARNING:root:references.bib: No compute flags resolved from execution data. No BibTeX entries emitted -- avoiding fabricated citations.
INFO:root:Rendered references.bib (0 entries) for flags []
WARNING:root:SCRIBE: No compute_flags found in HDF5 attributes, group metadata, or ORCA output files. methods.tex and references.bib will contain placeholder templates only. Run the computational pipeline first.
WARNING:root:methods.tex: No compute flags resolved from execution data. Rendered placeholder template instead of fabricating default citations.
INFO:root:Rendered methods.tex (0 paragraphs) for flags []
WARNING:root:SCRIBE: No compute_flags found in HDF5 attributes, group metadata, or ORCA output files. methods.tex and references.bib will contain placeholder templates only. Run the computational pipeline first.
WARNING:root:references.bib: No compute flags resolved from execution data. No BibTeX entries emitted -- avoiding fabricated citations.
INFO:root:Rendered references.bib (0 entries) for flags []
