WARNING:root:cochem_system_config.json missing. Returning empty state.
WARNING:root:cochem_deployment_manifest.json missing. Returning empty state.
WARNING:root:cochem_system_config.json missing. Returning empty state.
INFO:root:Generated methodology document: Methodology.tex
WARNING:root:cochem_system_config.json missing. Returning empty state.
WARNING:root:cochem_deployment_manifest.json missing. Returning empty state.
WARNING:root:cochem_system_config.json missing. Returning empty state.
INFO:root:Generated methodology document: Methodology.tex
ERROR:root:Error querying CrossRef for DefGrid4: Expecting value: line 1 column 1 (char 0)
INFO:root:Generated bibliography: manuscript.bib
INFO:root:Generated user guide prompt constraint payload (Length: 1964 chars).
WARNING:root:Configuration file cochem_system_config.json missing. Returning empty state.
WARNING:root:Configuration file cochem_deployment_manifest.json missing. Returning empty state.
WARNING:root:Configuration file cochem_system_config.json missing. Returning empty state.
WARNING:root:Configuration file cochem_deployment_manifest.json missing. Returning empty state.
WARNING:root:Hardware telemetry (phase_2_data) missing from system config.
WARNING:root:Configuration file cochem_system_config.json missing. Returning empty state.
WARNING:root:RAM GB metric missing from system config payload.
WARNING:root:CPU Cores metric missing from system config payload.
ERROR:root:Jinja2 environment render error: expected token ':', got '}'. Falling back to template text.
WARNING:root:No energetic records found: HDF5 energy registry not found at D:\Gdrive\__CoChem\GitHub-Repo\CoChem-SCRIBE\cochem_state.h5. Generating empty table template.
INFO:root:Generated user guide prompt constraint payload (Length: 1379 chars).
WARNING:root:Configuration file cochem_system_config.json missing. Returning empty state.
WARNING:root:Configuration file cochem_deployment_manifest.json missing. Returning empty state.
WARNING:root:Configuration file cochem_system_config.json missing. Returning empty state.
WARNING:root:Configuration file cochem_deployment_manifest.json missing. Returning empty state.
WARNING:root:Hardware telemetry (phase_2_data) missing from system config.
WARNING:root:Configuration file cochem_system_config.json missing. Returning empty state.
WARNING:root:RAM GB metric missing from system config payload.
WARNING:root:CPU Cores metric missing from system config payload.
ERROR:root:Jinja2 environment render error: expected token ':', got '}'. Falling back to template text.
WARNING:root:No energetic records found: HDF5 energy registry not found at D:\Gdrive\__CoChem\GitHub-Repo\CoChem-SCRIBE\cochem_state.h5. Generating empty table template.
INFO:root:Generated user guide prompt constraint payload (Length: 1379 chars).
